[cold] engine up, first line at 0.245s
[cold] load parakeet_unified_batch: wall=28.16s download_ms=17268 load_ms=10893 progress_events=30166 disk_delta=623.9MB rss=122MB
[cold]  transcribe short run1: 72 ms
[cold]   text: Hello from Seizo, this is a dictation test with GitHub, Kubernetes, and a phone number 5550134.
[cold]  transcribe short run2: 55 ms
[cold]  transcribe long run1: 202 ms
[cold]   text: I wanted to follow up on the deployment we discussed yesterday. The Kubernetes cluster is running three replicas of the API service, and the GitHub Actions workflow now builds a container image for every pull request. Please review the migration plan before Friday, because the database schema change touches the billing tables and the customer export job. If you have any questions, call me at 555-0134 or send a message in the engineering channel. Thanks, and talk to you soon.
[cold]  transcribe long run2: 217 ms
[cold] load parakeet_unified_stream: wall=15.73s download_ms=8433 load_ms=7297 progress_events=27855 disk_delta=605.9MB rss=139MB
[cold]  stream short realtime=False: total_ms=707 finish_ms=14 audio_ms=8147 partials=29 first_partial_at_audio_ms=800 first_partial_since_chunk_ms=14 median_gap_audio_ms=160
[cold]   text: Hello from Seizo. This is a dictation test with GitHub, Kubernetes, and a phone number 5550134.
[cold]  stream short realtime=True: total_ms=8166 finish_ms=17 audio_ms=8147 partials=29 first_partial_at_audio_ms=800 first_partial_since_chunk_ms=22 median_gap_audio_ms=160
[cold]   text: Hello from Seizo. This is a dictation test with GitHub, Kubernetes, and a phone number 5550134.
[cold]  stream long realtime=False: total_ms=2577 finish_ms=14 audio_ms=29231 partials=108 first_partial_at_audio_ms=800 first_partial_since_chunk_ms=15 median_gap_audio_ms=160
[cold]   text: I wanted to follow up on the deployment we discussed yesterday, the Kubernetes cluster is running three replicas of the API service, and the GitHub actions workflow now builds a container image for every pool request. Please review the migration plan before Friday because the database schema changed touches the billing tables and the customer export job. If you have any questions, call me at 555-0134 or send a message in the engineering channel. Thanks, and talk to you soon.
[cold]  stream long realtime=True: total_ms=29252 finish_ms=18 audio_ms=29231 partials=108 first_partial_at_audio_ms=800 first_partial_since_chunk_ms=14 median_gap_audio_ms=160
[cold]   text: I wanted to follow up on the deployment we discussed yesterday, the Kubernetes cluster is running three replicas of the API service, and the GitHub actions workflow now builds a container image for every pool request. Please review the migration plan before Friday because the database schema changed touches the billing tables and the customer export job. If you have any questions, call me at 555-0134 or send a message in the engineering channel. Thanks, and talk to you soon.
[cold] load whisper: wall=78.25s download_ms=15951 load_ms=62296 progress_events=81 disk_delta=637.8MB rss=155MB
[cold]  transcribe short run1: 1057 ms
[cold]   text: Hello from Sazo. This is a dictation test with GitHub, Kubernetes, and a phone number 555-0134.
[cold]  transcribe short run2: 740 ms
[cold]  transcribe long run1: 1372 ms
[cold]   text: I wanted to follow up on the deployment we discussed yesterday. The Kubernetes cluster is running three replicas of the API service, and the GitHub Actions workflow now builds a container image for every pull request. Please review the migration plan before Friday, because the database schema change touches the billing tables and the customer export job. If you have any questions, call me at 555-0134, or send a message in the engineering channel. Thanks, and talk to you soon.
[cold]  transcribe long run2: 1367 ms
[cold] done, models dir = 1867.6 MB
