setActivationPolicy(accessory) returned true
[app] activation policy after setActivationPolicy(accessory): 1 (0=Regular 1=Accessory)
[overlay] ns window found: true
[overlay] applied window fix: Full
[app +0.0s] policy=1 active=false frontmost=com.apple.TextEdit
[app +0.5s] policy=1 active=false frontmost=com.apple.TextEdit
[overlay t=1s] frontmost=com.apple.TextEdit appActive=false isKey=false isMain=false visible=true level=101 behavior=0x101 ignoresMouse=false fps=107.8 frame=CGRect { origin: CGPoint { x: 2420.0, y: 96.0 }, size: CGSize { width: 280.0, height: 64.0 } }
[app +1.0s] policy=1 active=false frontmost=com.apple.TextEdit
[app +1.5s] policy=1 active=false frontmost=com.apple.TextEdit
[overlay t=2s] frontmost=com.apple.TextEdit appActive=false isKey=false isMain=false visible=true level=25 behavior=0x101 ignoresMouse=false fps=109.3 frame=CGRect { origin: CGPoint { x: 2420.0, y: 96.0 }, size: CGSize { width: 280.0, height: 64.0 } }
[app +2.0s] policy=1 active=false frontmost=com.apple.TextEdit
[app +2.5s] policy=1 active=false frontmost=com.apple.TextEdit
[app +3.0s] policy=1 active=false frontmost=com.apple.TextEdit
[overlay t=3s] frontmost=com.apple.TextEdit appActive=false isKey=false isMain=false visible=true level=25 behavior=0x151 ignoresMouse=false fps=107.2 frame=CGRect { origin: CGPoint { x: 2420.0, y: 96.0 }, size: CGSize { width: 280.0, height: 64.0 } }
[app +3.5s] policy=1 active=false frontmost=com.apple.TextEdit
[overlay t=4s] frontmost=com.apple.TextEdit appActive=false isKey=false isMain=false visible=true level=25 behavior=0x151 ignoresMouse=true fps=114.3 frame=CGRect { origin: CGPoint { x: 2420.0, y: 96.0 }, size: CGSize { width: 280.0, height: 64.0 } }
[app +4.0s] policy=1 active=false frontmost=com.apple.TextEdit
[app +4.5s] policy=1 active=false frontmost=com.apple.TextEdit
[overlay t=5s] frontmost=com.apple.TextEdit appActive=false isKey=false isMain=false visible=true level=25 behavior=0x151 ignoresMouse=false fps=115.3 frame=CGRect { origin: CGPoint { x: 2420.0, y: 96.0 }, size: CGSize { width: 280.0, height: 64.0 } }
[overlay] probe done
[app +5.0s] policy=1 active=false frontmost=com.apple.TextEdit
[app +5.5s] policy=1 active=false frontmost=com.apple.TextEdit
[app +6.0s] policy=1 active=false frontmost=com.apple.TextEdit
[app +6.5s] policy=1 active=false frontmost=com.apple.TextEdit
[app +7.0s] policy=1 active=false frontmost=com.apple.TextEdit
[app +7.5s] policy=1 active=true frontmost=com.apple.TextEdit
[app +8.0s] policy=1 active=true frontmost=com.apple.TextEdit
[app +8.5s] policy=1 active=true frontmost=com.apple.TextEdit
