setActivationPolicy(accessory) returned true
[app] activation policy after setActivationPolicy(accessory): 1 (0=Regular 1=Accessory)
[tray] status item frame at start: Some(CGRect { origin: CGPoint { x: 0.0, y: 0.0 }, size: CGSize { width: 38.0, height: 0.0 } })
[app +0.0s] policy=1 active=false frontmost=com.apple.TextEdit
[app +0.5s] policy=1 active=false frontmost=at.studio.AsideBrowser
[app +1.0s] policy=1 active=false frontmost=com.apple.TextEdit
[tray] show: icon=CGRect { origin: CGPoint { x: 4163.0, y: 1409.0 }, size: CGSize { width: 38.0, height: 33.0 } } popover=CGRect { origin: CGPoint { x: 4022.0, y: 989.0 }, size: CGSize { width: 320.0, height: 420.0 } } key=true
[tray] icon clicked while open -> hide
[app +1.5s] policy=1 active=false frontmost=com.apple.TextEdit
[tray] show: icon=CGRect { origin: CGPoint { x: 4163.0, y: 1409.0 }, size: CGSize { width: 38.0, height: 33.0 } } popover=CGRect { origin: CGPoint { x: 4022.0, y: 989.0 }, size: CGSize { width: 320.0, height: 420.0 } } key=true
[app +2.0s] policy=1 active=true frontmost=com.apple.TextEdit
[app +2.5s] policy=1 active=true frontmost=com.apple.TextEdit
[app +3.0s] policy=1 active=true frontmost=com.apple.TextEdit
[app +3.5s] policy=1 active=true frontmost=com.apple.TextEdit
[app +4.0s] policy=1 active=true frontmost=com.apple.TextEdit
[app +4.5s] policy=1 active=true frontmost=com.apple.TextEdit
[app +5.0s] policy=1 active=true frontmost=com.apple.TextEdit
[app +5.5s] policy=1 active=true frontmost=com.apple.TextEdit
[app +6.0s] policy=1 active=true frontmost=com.apple.TextEdit
[tray] outside click -> hide
[app +6.5s] policy=1 active=false frontmost=com.apple.TextEdit
[app +7.0s] policy=1 active=false frontmost=com.apple.TextEdit
[app +7.5s] policy=1 active=false frontmost=com.apple.TextEdit
[app +8.0s] policy=1 active=false frontmost=com.apple.TextEdit
[app +8.5s] policy=1 active=false frontmost=com.apple.TextEdit
[tray] show: icon=CGRect { origin: CGPoint { x: 4163.0, y: 1409.0 }, size: CGSize { width: 38.0, height: 33.0 } } popover=CGRect { origin: CGPoint { x: 4022.0, y: 989.0 }, size: CGSize { width: 320.0, height: 420.0 } } key=true
[tray] outside click -> hide
